// Jest Snapshot v1, https://goo.gl/fbAQLP

exports[`<ProductCard> should render correctly 1`] = `
<div>
  <div
    class="Box-sc-1bsf784-0 sc-1k44dfv-0 ljGqou"
    data-testid="product-card"
  >
    <div
      style="overflow: hidden; transition-property: height; display: block; transition-duration: 0.25s;"
    />
    <div
      style="overflow: hidden; transition-property: height; display: block; transition-duration: 0.25s;"
    >
      <a
        class="Link-sc-16wd4a0-0 bXBGRT"
        data-gtm-interaction-type="explore"
        data-gtm-trim="GX100"
        title="view details"
      >
        <div
          class="sc-1k44dfv-0 cALsOM"
          mb="xs,s"
          mt="0"
        >
          

          <h5
            class="sc-1k44dfv-0 gXWcpP"
          >
            GX100
          </h5>
        </div>
      </a>
    </div>
    <a
      class="Link-sc-16wd4a0-0 bXBGRT"
      data-gtm-interaction-type="explore"
      data-gtm-trim="GX100"
      title="view details"
    >
      <div
        class="Box-sc-1bsf784-0 jgcAXQ"
        height="139px,248px"
        order="-1"
      >
        <img
          alt=""
          class="sc-1k44dfv-0 jLTFZk"
          draggable="true"
          loading="lazy"
          src="/sample-mock-data/media/img/product-card/engineImage.png"
          style="object-fit: contain;"
        />
      </div>
    </a>
    <div
      class="Box-sc-1bsf784-0 QoaNQ"
    >
      <div
        class="sc-1k44dfv-0 ktMwmo"
      >
        

        <p>
          Day in, day out, get solid performance, reliability and fuel efficiency. Ideal for lawn, construction and agriculture equipment.
        </p>
      </div>
    </div>
    <a
      class="Button-pulw6t-0 sc-1k44dfv-0 eIRfAq"
      data-gtm-interaction-type="explore"
      data-gtm-title="view details"
      data-gtm-trim="GX100"
      data-testid="dsr-button-component"
      display="none,block"
      tabindex="0"
    >
      Shared.Common.viewDetailsButton
    </a>
    <div
      class="Box-sc-1bsf784-0 sc-1k44dfv-0 jkGzMS"
    >
      <label
        class="sc-bwzfXH cvvuMq"
        data-gtm-interaction-type="compare item click"
        data-gtm-title="added comparison item"
        data-gtm-trim="GX100"
        data-testid="product-card-compare-btn"
        data-testvalue="false"
      >
        <input
          aria-checked="false"
          aria-label="Shared.Common.compareCheckboxAria"
          autocomplete="off"
          class="sc-bdVaJa gBQUrE"
          data-gtm-interaction-type="compare item click"
          data-gtm-title="added comparison item"
          data-gtm-trim="GX100"
          id="20ECB7098B9A4584985A7571923A8EB0"
          tabindex="-1"
          type="checkbox"
        />
        <span
          class="sc-htpNat hVaxDi"
          data-testid="cy-compare-toggle"
        />
        <label
          class="Label-sc-115wxjh-0 sc-1k44dfv-0 jLfsOv"
          for="20ECB7098B9A4584985A7571923A8EB0"
        >
          Shared.Common.addToCompareButton
        </label>
      </label>
    </div>
  </div>
</div>
`;
