// Jest Snapshot v1, https://goo.gl/fbAQLP

exports[`<DiagonalCard> should match the snapshot 1`] = `
.c0 {
  background-color: transparent;
  display: -webkit-box;
  display: -webkit-flex;
  display: -ms-flexbox;
  display: flex;
  -webkit-flex-direction: column-reverse;
  -ms-flex-direction: column-reverse;
  flex-direction: column-reverse;
  -webkit-box-pack: end;
  -webkit-justify-content: flex-end;
  -ms-flex-pack: end;
  justify-content: flex-end;
  padding-top: 50px;
  height: 100%;
}

.c1 {
  max-width: 100%;
  width: 100%;
  padding-left: 20px;
  padding-right: 20px;
  margin-top: l;
  margin-left: 0;
}

.c2 {
  margin-bottom: xs;
  opacity: 0;
  -webkit-transform: translateY(50px);
  -ms-transform: translateY(50px);
  transform: translateY(50px);
  -webkit-transition: opacity ease-out,-webkit-transform ease-out;
  -webkit-transition: opacity ease-out,transform ease-out;
  transition: opacity ease-out,transform ease-out;
  -webkit-transition-duration: t3;
  transition-duration: t3;
  -webkit-transition-delay: 0.3s;
  transition-delay: 0.3s;
}

.c3 {
  margin-bottom: m;
  opacity: 0;
  -webkit-transform: translateY(50px);
  -ms-transform: translateY(50px);
  transform: translateY(50px);
  -webkit-transition: opacity ease-out,-webkit-transform ease-out;
  -webkit-transition: opacity ease-out,transform ease-out;
  transition: opacity ease-out,transform ease-out;
  -webkit-transition-duration: t3;
  transition-duration: t3;
  -webkit-transition-delay: 0.4s;
  transition-delay: 0.4s;
}

.c4 {
  opacity: 0;
  -webkit-transform: translateY(50px);
  -ms-transform: translateY(50px);
  transform: translateY(50px);
  -webkit-transition: opacity ease-out,-webkit-transform ease-out;
  -webkit-transition: opacity ease-out,transform ease-out;
  transition: opacity ease-out,transform ease-out;
  -webkit-transition-duration: t3;
  transition-duration: t3;
  -webkit-transition-delay: 0.5s;
  transition-delay: 0.5s;
}

.c5 {
  position: relative;
  margin-top: 0;
  padding-top: 56.25%;
  pointer-events: none;
}

.c6 {
  position: absolute;
  top: 0;
  height: 100%;
  left: 50%;
  width: 0;
  -webkit-transition: left ease-out,width ease-out;
  transition: left ease-out,width ease-out;
  -webkit-transition-duration: 1s;
  transition-duration: 1s;
}

@media screen and (min-width:768px) {
  .c0 {
    -webkit-flex-direction: column;
    -ms-flex-direction: column;
    flex-direction: column;
    -webkit-box-pack: start;
    -webkit-justify-content: flex-start;
    -ms-flex-pack: start;
    justify-content: flex-start;
  }
}

@media screen and (min-width:768px) {
  .c1 {
    max-width: 636px;
    padding-left: 0;
    padding-right: 0;
    margin-top: 0;
    margin-left: big;
  }
}

@media screen and (min-width:768px) {
  .c3 {
    margin-bottom: m;
  }
}

@media screen and (min-width:768px) {
  .c5 {
    margin-top: -5%;
  }
}

<div>
  <div
    class="c0"
  >
    <div
      class="c1"
    >
      <div
        class="c2"
      >
        mock-title
      </div>
      <div
        class="c3"
        id="diagonal-card-body"
      >
        mock-body-text
      </div>
      <div
        class="c4"
      />
    </div>
    <div
      class="c5"
    >
      <div
        class="c6"
      />
    </div>
  </div>
</div>
`;
