// Jest Snapshot v1, https://goo.gl/fbAQLP

exports[`<ProductSelector> renders without errors 1`] = `
.c1 {
  width: 100%;
}

.c0 {
  display: -webkit-box;
  display: -webkit-flex;
  display: -ms-flexbox;
  display: flex;
  -webkit-flex-flow: column;
  -ms-flex-flow: column;
  flex-flow: column;
  -webkit-box-pack: center;
  -webkit-justify-content: center;
  -ms-flex-pack: center;
  justify-content: center;
  max-width: 380px;
  margin: 0 auto;
  padding-top: 0;
  padding-left: xl;
  padding-right: xl;
}

.c2 {
  display: block;
  -webkit-user-select: none;
  -moz-user-select: none;
  -ms-user-select: none;
  user-select: none;
  cursor: pointer;
  color: #2C2C2C;
  font-family: Cooper Black;
  font-size: 12px;
  line-height: xs;
  -webkit-letter-spacing: 0.5px;
  -moz-letter-spacing: 0.5px;
  -ms-letter-spacing: 0.5px;
  letter-spacing: 0.5px;
  font-family: Cooper Black;
  color: #2C2C2C;
}

.c4 {
  margin-bottom: l;
}

.c4 >div {
  background: #fff;
}

.c4 >div >span {
  text-overflow: ellipsis;
  word-break: break-word;
  white-space: nowrap;
  overflow: hidden;
}

.c4 >ul >li {
  white-space: normal;
  line-height: 24px;
}

.c3 {
  width: 100%;
  position: relative;
  cursor: pointer;
}

.c3:focus {
  outline: transparent;
}

.c3:focus div:first-of-type:after {
  height: 2px;
}

.c5 {
  position: relative;
  display: -webkit-box;
  display: -webkit-flex;
  display: -ms-flexbox;
  display: flex;
  -webkit-box-pack: justify;
  -webkit-justify-content: space-between;
  -ms-flex-pack: justify;
  justify-content: space-between;
  -webkit-align-items: center;
  -webkit-box-align: center;
  -ms-flex-align: center;
  align-items: center;
  border: none;
  outline: none;
  width: 100%;
  font-size: 14px;
  color: #2C2C2C;
  font-family: Helvetica;
  font-weight: normal;
  line-height: 22px;
  -webkit-letter-spacing: 0.5px;
  -moz-letter-spacing: 0.5px;
  -ms-letter-spacing: 0.5px;
  letter-spacing: 0.5px;
  background-color: #F5F5F5;
  background-color: #fff;
  -webkit-align-items: center;
  -webkit-box-align: center;
  -ms-flex-align: center;
  align-items: center;
  font-weight: normal;
}

.c5::-ms-clear {
  display: none;
}

.c5::-webkit-input-placeholder {
  color: #707070;
}

.c5::-moz-placeholder {
  color: #707070;
}

.c5:-ms-input-placeholder {
  color: #707070;
}

.c5::placeholder {
  color: #707070;
}

.c5:after {
  content: '';
  position: absolute;
  width: 100%;
  bottom: 0;
  left: 0;
  height: 1px;
  background-color: #2C2C2C;
}

.c5:after {
  height: 1px;
}

.c6 {
  margin: 0;
  color: #2C2C2C;
  font-weight: normal;
  font-family: Helvetica;
  -webkit-letter-spacing: 0.5px;
  -moz-letter-spacing: 0.5px;
  -ms-letter-spacing: 0.5px;
  letter-spacing: 0.5px;
  font-weight: normal;
  padding-left: 15px;
  padding-right: 15px;
  width: 100%;
  height: small;
}

.c8 {
  max-height: 0px;
  width: 100%;
  -webkit-transition-timing-function: ease-in-out;
  transition-timing-function: ease-in-out;
  -webkit-transition-duration: t4;
  transition-duration: t4;
  position: absolute;
  top: 46px;
  overflow: hidden;
  outline: none;
  z-index: options;
}

.c8 li {
  text-overflow: ellipsis;
  overflow: hidden;
  white-space: nowrap;
}

.c9 {
  font-size: 14px;
  padding: 15px;
  display: -webkit-box;
  display: -webkit-flex;
  display: -ms-flexbox;
  display: flex;
  -webkit-align-items: center;
  -webkit-box-align: center;
  -ms-flex-align: center;
  align-items: center;
  cursor: pointer;
  -webkit-text-size-adjust: 100%;
  background-color: #F8F8F8;
  color: #2C2C2C;
  font-family: Helvetica;
  font-weight: normal;
  -webkit-letter-spacing: 0.5px;
  -moz-letter-spacing: 0.5px;
  -ms-letter-spacing: 0.5px;
  letter-spacing: 0.5px;
  border-bottom: 1px solid;
  border-color: #D5D5D5;
}

.c9:hover {
  background-color: #EAEAEA;
}

.c9.focusVisible {
  outline: undefined undefined;
}

.c9:hover {
  font-family: Cooper Black;
}

.c10 {
  display: block;
  -webkit-user-select: none;
  -moz-user-select: none;
  -ms-user-select: none;
  user-select: none;
  cursor: pointer;
  color: #2C2C2C;
  font-family: Cooper Black;
  font-size: 12px;
  line-height: xs;
  -webkit-letter-spacing: 0.5px;
  -moz-letter-spacing: 0.5px;
  -ms-letter-spacing: 0.5px;
  letter-spacing: 0.5px;
  font-family: Cooper Black;
  color: #707070;
}

.c11 {
  width: 100%;
  position: relative;
  cursor: pointer;
  pointer-events: none;
}

.c11:focus {
  outline: transparent;
}

.c11:focus div:first-of-type:after {
  height: 2px;
}

.c12 {
  position: relative;
  display: -webkit-box;
  display: -webkit-flex;
  display: -ms-flexbox;
  display: flex;
  -webkit-box-pack: justify;
  -webkit-justify-content: space-between;
  -ms-flex-pack: justify;
  justify-content: space-between;
  -webkit-align-items: center;
  -webkit-box-align: center;
  -ms-flex-align: center;
  align-items: center;
  border: none;
  outline: none;
  width: 100%;
  font-size: 14px;
  color: #2C2C2C;
  font-family: Helvetica;
  font-weight: normal;
  line-height: 22px;
  -webkit-letter-spacing: 0.5px;
  -moz-letter-spacing: 0.5px;
  -ms-letter-spacing: 0.5px;
  letter-spacing: 0.5px;
  background-color: #F5F5F5;
  background-color: #fff;
  -webkit-align-items: center;
  -webkit-box-align: center;
  -ms-flex-align: center;
  align-items: center;
  font-weight: normal;
}

.c12::-ms-clear {
  display: none;
}

.c12::-webkit-input-placeholder {
  color: #707070;
}

.c12::-moz-placeholder {
  color: #707070;
}

.c12:-ms-input-placeholder {
  color: #707070;
}

.c12::placeholder {
  color: #707070;
}

.c12:after {
  content: '';
  position: absolute;
  width: 100%;
  bottom: 0;
  left: 0;
  height: 1px;
  background-color: #2C2C2C;
}

.c12:after {
  height: 1px;
}

.c12:after {
  background-color: #C7C7C7;
}

.c12 svg path {
  stroke: #C7C7C7;
}

.c13 {
  margin: 0;
  color: #2C2C2C;
  font-weight: normal;
  font-family: Helvetica;
  -webkit-letter-spacing: 0.5px;
  -moz-letter-spacing: 0.5px;
  -ms-letter-spacing: 0.5px;
  letter-spacing: 0.5px;
  font-weight: normal;
  padding-left: 15px;
  padding-right: 15px;
  width: 100%;
  height: small;
  color: #707070;
}

.c7 {
  display: -webkit-box;
  display: -webkit-flex;
  display: -ms-flexbox;
  display: flex;
  -webkit-align-items: center;
  -webkit-box-align: center;
  -ms-flex-align: center;
  align-items: center;
  -webkit-box-pack: center;
  -webkit-justify-content: center;
  -ms-flex-pack: center;
  justify-content: center;
  -webkit-flex-shrink: 0;
  -ms-flex-negative: 0;
  flex-shrink: 0;
  width: iconWrapper.md;
  height: iconWrapper.md;
}

@media screen and (min-width:768px) {
  .c0 {
    padding-left: s;
    padding-right: s;
  }
}

@media screen and (min-width:768px) {
  .c2 {
    line-height: 22px;
  }
}

@media screen and (min-width:768px) {
  .c5 {
    line-height: 24px;
  }
}

@media screen and (min-width:768px) {
  .c10 {
    line-height: 22px;
  }
}

@media screen and (min-width:768px) {
  .c12 {
    line-height: 24px;
  }
}

<div>
  <div
    class="c0"
  >
    <div
      class="c1"
      data-testid="product-series-wrapper"
      width="100%"
    >
      <label
        class="c2"
        data-testid="product-series-label"
      >
        Shared.Common.productCategoryLabel
      </label>
      <div
        aria-label="Shared.Common.productCategoryAria"
        class="c3 sc-1k44dfv-0 c4"
        data-testid="dsr-dropdown-container"
        tabindex="0"
      >
        <div
          aria-expanded="false"
          aria-haspopup="listbox"
          class="sc-1k44dfv-0 c5"
          data-testid="button"
          id="series-0"
          role="button"
        >
          <span
            class="sc-1k44dfv-0 c6"
            color="typographyDefault"
            data-testid="select-text"
            font-family="default"
            font-weight="regular"
          >
            Select
          </span>
          <div
            class="c7"
          />
        </div>
        <ul
          aria-label="Shared.Common.productCategoryAria"
          class="c8"
          role="listbox"
        >
          <li
            aria-selected="false"
            class="c9"
            data-testid="dsr-search-option"
            data-value="GX Series"
            role="option"
          >
            GX Series
          </li>
          <li
            aria-selected="false"
            class="c9"
            data-testid="dsr-search-option"
            data-value="Mini 4-Stroke"
            role="option"
          >
            Mini 4-Stroke
          </li>
          <li
            aria-selected="false"
            class="c9"
            data-testid="dsr-search-option"
            data-value="V-Twin Series"
            role="option"
          >
            V-Twin Series
          </li>
        </ul>
      </div>
    </div>
    <div
      class="c1"
      data-testid="product-name-wrapper"
      width="100%"
    >
      <label
        class="c10"
        data-testid="product-name-label"
      >
        Shared.Common.productName
      </label>
      <div
        aria-label="Shared.Common.productNameAria"
        class="c11 sc-1k44dfv-0 c4"
        data-testid="dsr-dropdown-container"
        disabled=""
        tabindex="0"
      >
        <div
          aria-expanded="false"
          aria-haspopup="listbox"
          class="sc-1k44dfv-0 c12"
          data-testid="button"
          disabled=""
          id="name-0"
          role="button"
        >
          <span
            class="sc-1k44dfv-0 c13"
            color="typographyDefault"
            data-testid="select-text"
            disabled=""
            font-family="default"
            font-weight="regular"
          >
            Select
          </span>
          <div
            class="c7"
          />
        </div>
      </div>
    </div>
  </div>
</div>
`;

exports[`<ProductSelector> should have no accessibility violations 1`] = `
.c1 {
  width: 100%;
}

.c0 {
  display: -webkit-box;
  display: -webkit-flex;
  display: -ms-flexbox;
  display: flex;
  -webkit-flex-flow: column;
  -ms-flex-flow: column;
  flex-flow: column;
  -webkit-box-pack: center;
  -webkit-justify-content: center;
  -ms-flex-pack: center;
  justify-content: center;
  max-width: 380px;
  margin: 0 auto;
  padding-top: 0;
  padding-left: xl;
  padding-right: xl;
}

.c2 {
  display: block;
  -webkit-user-select: none;
  -moz-user-select: none;
  -ms-user-select: none;
  user-select: none;
  cursor: pointer;
  color: #2C2C2C;
  font-family: Cooper Black;
  font-size: 12px;
  line-height: xs;
  -webkit-letter-spacing: 0.5px;
  -moz-letter-spacing: 0.5px;
  -ms-letter-spacing: 0.5px;
  letter-spacing: 0.5px;
  font-family: Cooper Black;
  color: #2C2C2C;
}

.c4 {
  margin-bottom: l;
}

.c4 >div {
  background: #fff;
}

.c4 >div >span {
  text-overflow: ellipsis;
  word-break: break-word;
  white-space: nowrap;
  overflow: hidden;
}

.c4 >ul >li {
  white-space: normal;
  line-height: 24px;
}

.c3 {
  width: 100%;
  position: relative;
  cursor: pointer;
}

.c3:focus {
  outline: transparent;
}

.c3:focus div:first-of-type:after {
  height: 2px;
}

.c5 {
  position: relative;
  display: -webkit-box;
  display: -webkit-flex;
  display: -ms-flexbox;
  display: flex;
  -webkit-box-pack: justify;
  -webkit-justify-content: space-between;
  -ms-flex-pack: justify;
  justify-content: space-between;
  -webkit-align-items: center;
  -webkit-box-align: center;
  -ms-flex-align: center;
  align-items: center;
  border: none;
  outline: none;
  width: 100%;
  font-size: 14px;
  color: #2C2C2C;
  font-family: Helvetica;
  font-weight: normal;
  line-height: 22px;
  -webkit-letter-spacing: 0.5px;
  -moz-letter-spacing: 0.5px;
  -ms-letter-spacing: 0.5px;
  letter-spacing: 0.5px;
  background-color: #F5F5F5;
  background-color: #fff;
  -webkit-align-items: center;
  -webkit-box-align: center;
  -ms-flex-align: center;
  align-items: center;
  font-weight: normal;
}

.c5::-ms-clear {
  display: none;
}

.c5::-webkit-input-placeholder {
  color: #707070;
}

.c5::-moz-placeholder {
  color: #707070;
}

.c5:-ms-input-placeholder {
  color: #707070;
}

.c5::placeholder {
  color: #707070;
}

.c5:after {
  content: '';
  position: absolute;
  width: 100%;
  bottom: 0;
  left: 0;
  height: 1px;
  background-color: #2C2C2C;
}

.c5:after {
  height: 1px;
}

.c6 {
  margin: 0;
  color: #2C2C2C;
  font-weight: normal;
  font-family: Helvetica;
  -webkit-letter-spacing: 0.5px;
  -moz-letter-spacing: 0.5px;
  -ms-letter-spacing: 0.5px;
  letter-spacing: 0.5px;
  font-weight: normal;
  padding-left: 15px;
  padding-right: 15px;
  width: 100%;
  height: small;
}

.c8 {
  max-height: 0px;
  width: 100%;
  -webkit-transition-timing-function: ease-in-out;
  transition-timing-function: ease-in-out;
  -webkit-transition-duration: t4;
  transition-duration: t4;
  position: absolute;
  top: 46px;
  overflow: hidden;
  outline: none;
  z-index: options;
}

.c8 li {
  text-overflow: ellipsis;
  overflow: hidden;
  white-space: nowrap;
}

.c9 {
  font-size: 14px;
  padding: 15px;
  display: -webkit-box;
  display: -webkit-flex;
  display: -ms-flexbox;
  display: flex;
  -webkit-align-items: center;
  -webkit-box-align: center;
  -ms-flex-align: center;
  align-items: center;
  cursor: pointer;
  -webkit-text-size-adjust: 100%;
  background-color: #F8F8F8;
  color: #2C2C2C;
  font-family: Helvetica;
  font-weight: normal;
  -webkit-letter-spacing: 0.5px;
  -moz-letter-spacing: 0.5px;
  -ms-letter-spacing: 0.5px;
  letter-spacing: 0.5px;
  border-bottom: 1px solid;
  border-color: #D5D5D5;
}

.c9:hover {
  background-color: #EAEAEA;
}

.c9.focusVisible {
  outline: undefined undefined;
}

.c9:hover {
  font-family: Cooper Black;
}

.c10 {
  display: block;
  -webkit-user-select: none;
  -moz-user-select: none;
  -ms-user-select: none;
  user-select: none;
  cursor: pointer;
  color: #2C2C2C;
  font-family: Cooper Black;
  font-size: 12px;
  line-height: xs;
  -webkit-letter-spacing: 0.5px;
  -moz-letter-spacing: 0.5px;
  -ms-letter-spacing: 0.5px;
  letter-spacing: 0.5px;
  font-family: Cooper Black;
  color: #707070;
}

.c11 {
  width: 100%;
  position: relative;
  cursor: pointer;
  pointer-events: none;
}

.c11:focus {
  outline: transparent;
}

.c11:focus div:first-of-type:after {
  height: 2px;
}

.c12 {
  position: relative;
  display: -webkit-box;
  display: -webkit-flex;
  display: -ms-flexbox;
  display: flex;
  -webkit-box-pack: justify;
  -webkit-justify-content: space-between;
  -ms-flex-pack: justify;
  justify-content: space-between;
  -webkit-align-items: center;
  -webkit-box-align: center;
  -ms-flex-align: center;
  align-items: center;
  border: none;
  outline: none;
  width: 100%;
  font-size: 14px;
  color: #2C2C2C;
  font-family: Helvetica;
  font-weight: normal;
  line-height: 22px;
  -webkit-letter-spacing: 0.5px;
  -moz-letter-spacing: 0.5px;
  -ms-letter-spacing: 0.5px;
  letter-spacing: 0.5px;
  background-color: #F5F5F5;
  background-color: #fff;
  -webkit-align-items: center;
  -webkit-box-align: center;
  -ms-flex-align: center;
  align-items: center;
  font-weight: normal;
}

.c12::-ms-clear {
  display: none;
}

.c12::-webkit-input-placeholder {
  color: #707070;
}

.c12::-moz-placeholder {
  color: #707070;
}

.c12:-ms-input-placeholder {
  color: #707070;
}

.c12::placeholder {
  color: #707070;
}

.c12:after {
  content: '';
  position: absolute;
  width: 100%;
  bottom: 0;
  left: 0;
  height: 1px;
  background-color: #2C2C2C;
}

.c12:after {
  height: 1px;
}

.c12:after {
  background-color: #C7C7C7;
}

.c12 svg path {
  stroke: #C7C7C7;
}

.c13 {
  margin: 0;
  color: #2C2C2C;
  font-weight: normal;
  font-family: Helvetica;
  -webkit-letter-spacing: 0.5px;
  -moz-letter-spacing: 0.5px;
  -ms-letter-spacing: 0.5px;
  letter-spacing: 0.5px;
  font-weight: normal;
  padding-left: 15px;
  padding-right: 15px;
  width: 100%;
  height: small;
  color: #707070;
}

.c7 {
  display: -webkit-box;
  display: -webkit-flex;
  display: -ms-flexbox;
  display: flex;
  -webkit-align-items: center;
  -webkit-box-align: center;
  -ms-flex-align: center;
  align-items: center;
  -webkit-box-pack: center;
  -webkit-justify-content: center;
  -ms-flex-pack: center;
  justify-content: center;
  -webkit-flex-shrink: 0;
  -ms-flex-negative: 0;
  flex-shrink: 0;
  width: iconWrapper.md;
  height: iconWrapper.md;
}

@media screen and (min-width:768px) {
  .c0 {
    padding-left: s;
    padding-right: s;
  }
}

@media screen and (min-width:768px) {
  .c2 {
    line-height: 22px;
  }
}

@media screen and (min-width:768px) {
  .c5 {
    line-height: 24px;
  }
}

@media screen and (min-width:768px) {
  .c10 {
    line-height: 22px;
  }
}

@media screen and (min-width:768px) {
  .c12 {
    line-height: 24px;
  }
}

<div>
  <div
    class="c0"
  >
    <div
      class="c1"
      data-testid="product-series-wrapper"
      width="100%"
    >
      <label
        class="c2"
        data-testid="product-series-label"
      >
        Shared.Common.productCategoryLabel
      </label>
      <div
        aria-label="Shared.Common.productCategoryAria"
        class="c3 sc-1k44dfv-0 c4"
        data-testid="dsr-dropdown-container"
        tabindex="0"
      >
        <div
          aria-expanded="false"
          aria-haspopup="listbox"
          class="sc-1k44dfv-0 c5"
          data-testid="button"
          id="series-0"
          role="button"
        >
          <span
            class="sc-1k44dfv-0 c6"
            color="typographyDefault"
            data-testid="select-text"
            font-family="default"
            font-weight="regular"
          >
            Select
          </span>
          <div
            class="c7"
          />
        </div>
        <ul
          aria-label="Shared.Common.productCategoryAria"
          class="c8"
          role="listbox"
        >
          <li
            aria-selected="false"
            class="c9"
            data-testid="dsr-search-option"
            data-value="GX Series"
            role="option"
          >
            GX Series
          </li>
          <li
            aria-selected="false"
            class="c9"
            data-testid="dsr-search-option"
            data-value="Mini 4-Stroke"
            role="option"
          >
            Mini 4-Stroke
          </li>
          <li
            aria-selected="false"
            class="c9"
            data-testid="dsr-search-option"
            data-value="V-Twin Series"
            role="option"
          >
            V-Twin Series
          </li>
        </ul>
      </div>
    </div>
    <div
      class="c1"
      data-testid="product-name-wrapper"
      width="100%"
    >
      <label
        class="c10"
        data-testid="product-name-label"
      >
        Shared.Common.productName
      </label>
      <div
        aria-label="Shared.Common.productNameAria"
        class="c11 sc-1k44dfv-0 c4"
        data-testid="dsr-dropdown-container"
        disabled=""
        tabindex="0"
      >
        <div
          aria-expanded="false"
          aria-haspopup="listbox"
          class="sc-1k44dfv-0 c12"
          data-testid="button"
          disabled=""
          id="name-0"
          role="button"
        >
          <span
            class="sc-1k44dfv-0 c13"
            color="typographyDefault"
            data-testid="select-text"
            disabled=""
            font-family="default"
            font-weight="regular"
          >
            Select
          </span>
          <div
            class="c7"
          />
        </div>
      </div>
    </div>
  </div>
</div>
`;

exports[`<ProductSelector> should render without errors if there is no data 1`] = `<div />`;
