// Jest Snapshot v1, https://goo.gl/fbAQLP

exports[`<EngineFeatures> should render even if there are empty fields 1`] = `<div />`;

exports[`<EngineFeatures> should return null if there is no fields 1`] = `<div />`;
